before the crash
[standard output flushed]
[91mIndexOutOfBoundsError: Index 40 is out of bounds for a list of 40 items.
Stack trace:
  0: at descend (deep.rf:40:5)
  1: at descend (deep.rf:39:5)
  2: at descend (deep.rf:38:5)
  3: at descend (deep.rf:37:5)
  4: at descend (deep.rf:36:5)
  5: at descend (deep.rf:35:5)
  6: at descend (deep.rf:34:5)
  7: at descend (deep.rf:33:5)
  8: at descend (deep.rf:32:5)
  9: at descend (deep.rf:31:5)
  10: at descend (deep.rf:30:5)
  11: at descend (deep.rf:29:5)
  12: at descend (deep.rf:28:5)
  13: at descend (deep.rf:27:5)
  14: at descend (deep.rf:26:5)
  15: at descend (deep.rf:25:5)
  16: at descend (deep.rf:24:5)
  17: at descend (deep.rf:23:5)
  18: at descend (deep.rf:22:5)
  19: at descend (deep.rf:21:5)
  20: at descend (deep.rf:20:5)
  21: at descend (deep.rf:19:5)
  22: at descend (deep.rf:18:5)
  23: at descend (deep.rf:17:5)
  24: at descend (deep.rf:16:5)
  25: at descend (deep.rf:15:5)
  26: at descend (deep.rf:14:5)
  27: at descend (deep.rf:13:5)
  28: at descend (deep.rf:12:5)
  29: at descend (deep.rf:11:5)
  30: at descend (deep.rf:10:5)
  31: at descend (deep.rf:9:5)
  ... (40 frames total)
[0m