orphaned cycle
  freed node 2
  freed node 1
pass: freed 2, candidates left 0
second pass: freed 0, candidates left 0
held cycle
pass: freed 0, candidates left 0
c: strong 1, state 0
d: strong 2, state 0
  freed node 4
  freed node 3
after the last handle: freed 2, candidates left 0
no cycle
pass: freed 0, candidates left 0
e: strong 1, state 0
f: strong 1, state 0
  destroyed node 5
  destroyed node 6
observed cycle
  freed node 8
  freed node 7
pass: freed 2, candidates left 0
g destroyed true
