detector on: true
no holder, or itself: 0 waiting
1 waits on 2: 1 waiting
1 got it, 2 waits on 1: 1 waiting
2 got it: 0 waiting
3 waits on 4, 4 on 5: 2 waiting
runtime error: Roamed lock deadlock: task 5 and task 4 took the same escaped entities in opposite order. Take shared entities in one consistent order.
crash exit
