zeroed: 0 0 0 0 0 0 0 0
grown, contents kept: 1 2 3 4 5 6 7 8
copied forward over itself: 1 2 1 2 3 4 5 6
copied back: 1 2 3 4 5 6 5 6
filled: 1 255 255 255 5 6 5 6
after the no-op calls: 1 255 255 255 5 6 5 6
uninitialized block: true
empty region mark: 0
region block, zeroed: 0 0 0 0 0 0 0 0 0 0 0 0 0 0 0 0
mark moved: true, released to the inner mark: true, to the outer: true
OutOfMemoryError: Failed to allocate 18446744073709551615 bytes
