handles: 1
after add_ref: 2
after drop: 1
a coroutine waits:
  cross-thread waker armed on scheduler 1
  parked, 1 on the wait list
  wake coroutine 7 on scheduler 1
  cross-thread waker disarmed on scheduler 1
  back, 0 on the wait list
a coroutine waits with a deadline:
  parked with a deadline, a cast comes
  wake coroutine 7 on scheduler 1
  result 1, 0 on the wait list
  parked with a deadline, no cast comes
  result 0, 0 on the wait list
two coroutines parked, cast_one:
  wake coroutine 2 on scheduler 1
cast_all:
  wake coroutine 2 on scheduler 1
  wake coroutine 1 on scheduler 1
a thread waits with a deadline: result 0, waited it out true
cast_one: 3 tokens, one thread through for each: true
cast_all: 3 of 3 through
