counts
new: strong 1, weak 0, destroyed false
held twice: strong 3, weak 0, destroyed false
released once: strong 2, weak 0, destroyed false
observed: strong 2, weak 1, destroyed false
  destroyed node 1
released: strong 0, weak 1, destroyed true
observer gone, header freed
  destroyed node 2
no observer, header freed with the entity
candidates
acyclic buffered false, cyclic buffered true, state 3
  destroyed node 4
  destroyed node 3
candidates left: 0
promotion
escaped before false, parent true, leaf true
escaped, held: strong 2, weak 0, destroyed false
escaped, released: strong 1, weak 0, destroyed false
  destroyed node 6
  destroyed node 5
lock
local entered: locked 0, holder 0, depth 0
  destroyed node 7
entered: locked 1, holder 7, depth 1
re-entered: locked 1, holder 7, depth 2
left once: locked 1, holder 7, depth 1
left: locked 0, holder 0, depth 0
yields: 1
taken after the holder left: locked 1, holder 7, depth 1
left: locked 0, holder 0, depth 0
  destroyed node 8
